"Testing output visibility"  
